Compiling...
Enum2.p
Enum2.p(17) error P3003: variable 'c' of type 'color' is being assigned an expression of type 'sex'.
Enum2.p(18) error P3003: variable 's' of type 'sex' is being assigned an expression of type 'color'.
Enum2.p(19) error P3003: variable 'd' of type 'day' is being assigned an expression of type 'color'.
Enum2.p(21) error P3003: variable 'c' of type 'color' is being assigned an expression of type 'sex'.
Enum2.p(22) error P3003: variable 's' of type 'sex' is being assigned an expression of type 'day'.
Enum2.p(24) error P3003: variable 'd' of type 'day' is being assigned an expression of type 'color'.

Enum2.p - 6 error(s), 0 warning(s).

