Compiling...
OptimizeExpression.p

IR after Type Checker (control chktype)

Function Unit #1
$L1: (references=0)                                                          #0
                       START _main(T)                                        #0
_main: (references=1)                                                        #0
                       ENTERFUNCTION                                         #0
   input.HANDLE (up32->void).a32 = CALL &_file_get_std_input.CDecl.Function(i32,i32)->(HANDLE (up32->void)), 0.i32, 12(0x0000000c).i32                       #0
   t143.HANDLE (up32->void) = CALL &_file_get_std_output.CDecl.Function(i32,i32)->(HANDLE (up32->void)), 0.i32, 12(0x0000000c).i32                           #0
   output.HANDLE (up32->void).a32 = ASSIGN t143.HANDLE (up32->void)          #0
   [&true.up32->Boolean (Enum32)]"$$data"(Boolean (Enum32)+0).i32.a32 = ASSIGN 1.i32                                                                         #0
   [&false.up32->Boolean (Enum32)]"$$data"(Boolean (Enum32)+0).i32.a32 = ASSIGN 0.i32                                                                        #0
                       CALL &_runtime_init.CDecl.Function()->(void)          #0
                       CALL &OptimizeExpression.CDecl.Function()->(void)     #0
                       CALL &_runtime_exit.CDecl.Function()->(void)          #0
                       RETURN 0.i32, $L4(T)                                  #0
$L4: (references=1)                                                          #0
                       EXITFUNCTION                                          #0
$L2: (references=0)                                                          #0
                       END                                                   #0

IR after Type Checker (control chktype)

Function Unit #2
$L1: (references=0)                                                          #6
                       START OptimizeExpression(T)                           #6
OptimizeExpression: (references=1)                                           #6
                       ENTERFUNCTION                                         #6
                       CALL &_display_enter.CDecl.Function(up32->i8,i32,i32,i32,...)->(void), &$SG105.up32->char (i8), 0.i32, 2.i32, 1.i32, &n.up32->integer (i32)                                                                          #11
   n.integer (i32).a32 = ASSIGN 19(0x00000013).integer (i32)                #10
   output($stdfile (Aggregate2080)+32).integer (i32).a32 = ASSIGN n.integer (i32).a32                                                                       #11
                       CALL &_file_put_int.CDecl.Function(HANDLE (up32->void),i32,i32,i32)->(void), output"$runtime_handle"($stdfile (Aggregate2080)+0).HANDLE (up32->void).a32, output($stdfile (Aggregate2080)+32).integer (i32).a32, 0.i32, 11(0x0000000b).i32                                                           #11
   output($stdfile (Aggregate2080)+32).i8.a8 = ASSIGN 13(0x0d).i8           #11
                       CALL &_file_put_char.CDecl.Function(HANDLE (up32->void),i8,i32,i32)->(void), output"$runtime_handle"($stdfile (Aggregate2080)+0).HANDLE (up32->void).a32, output($stdfile (Aggregate2080)+32).i8.a8, 0.i32, 11(0x0000000b).i32                                                                       #11
   output($stdfile (Aggregate2080)+32).i8.a8 = ASSIGN 10(0x0a).i8           #11
                       CALL &_file_put_char.CDecl.Function(HANDLE (up32->void),i8,i32,i32)->(void), output"$runtime_handle"($stdfile (Aggregate2080)+0).HANDLE (up32->void).a32, output($stdfile (Aggregate2080)+32).i8.a8, 0.i32, 11(0x0000000b).i32                                                                       #11
                       CALL &_display_leave.CDecl.Function(i32,i32)->(void), 0.i32, 2.i32                                                                   #11
                       RETURN $L4(T)                                        #12
$L4: (references=1)                                                         #12
                       EXITFUNCTION                                         #12
$L2: (references=0)                                                         #12
                       END                                                  #12
Writing OptimizeExpression.obj...

OptimizeExpression.p - 0 error(s), 0 warning(s).

Linking...

OptimizeExpression.exe - 0 error(s), 0 warning(s).

19
