Compiling...
WidthParameters1.p

IR after Type Checker (control chktype)

Function Unit #1
$L1: (references=0)                                                          #0
                       START _main(T)                                        #0
_main: (references=1)                                                        #0
                       ENTERFUNCTION                                         #0
   input.HANDLE (up32->void).a32 = CALL &_file_get_std_input.CDecl.Function(i32,i32)->(HANDLE (up32->void)), 0.i32, 56(0x00000038).i32                       #0
   t143.HANDLE (up32->void) = CALL &_file_get_std_output.CDecl.Function(i32,i32)->(HANDLE (up32->void)), 0.i32, 56(0x00000038).i32                           #0
   output.HANDLE (up32->void).a32 = ASSIGN t143.HANDLE (up32->void)          #0
   [&true.up32->Boolean (Enum32)]"$$data"(Boolean (Enum32)+0).i32.a32 = ASSIGN 1.i32                                                                         #0
   [&false.up32->Boolean (Enum32)]"$$data"(Boolean (Enum32)+0).i32.a32 = ASSIGN 0.i32                                                                        #0
                       CALL &_runtime_init.CDecl.Function()->(void)          #0
                       CALL &WidthParameters1.CDecl.Function()->(void)       #0
                       CALL &_runtime_exit.CDecl.Function()->(void)          #0
                       RETURN 0.i32, $L4(T)                                  #0
$L4: (references=1)                                                          #0
                       EXITFUNCTION                                          #0
$L2: (references=0)                                                          #0
                       END                                                   #0

IR after Type Checker (control chktype)

Function Unit #2
$L1: (references=0)                                                          #3
                       START WidthParameters1(T)                             #3
WidthParameters1: (references=1)                                             #3
                       ENTERFUNCTION                                         #3
                       CALL &_display_enter.CDecl.Function(up32->i8,i32,i32,i32,...)->(void), &$SG106.up32->char (i8), 0.i32, 2.i32, 2.i32, &pi.up32->real (f64), &i.up32->integer (i32)                                                    #54
   pi.real (f64).a64 = ASSIGN 3.14159265358979.real (f64)                    #5
                       CALL &_file_set_modifier.CDecl.Function(HANDLE (up32->void),i32,i32)->(void), output"$runtime_handle"($stdfile (Aggregate2080)+0).HANDLE (up32->void).a32, 0.i32, 0.integer (i32)                                    #10
   output($stdfile (Aggregate2080)+32).char (i8).a8 = ASSIGN 97(0x61).char (i8) #10
                       CALL &_file_put_char.CDecl.Function(HANDLE (up32->void),i8,i32,i32)->(void), output"$runtime_handle"($stdfile (Aggregate2080)+0).HANDLE (up32->void).a32, output($stdfile (Aggregate2080)+32).char (i8).a8, 0.i32, 10(0x0000000a).i32                                                                #10
   output($stdfile (Aggregate2080)+32).char (i8).a8 = ASSIGN 13(0x0d).i8    #10
                       CALL &_file_put_char.CDecl.Function(HANDLE (up32->void),i8,i32,i32)->(void), output"$runtime_handle"($stdfile (Aggregate2080)+0).HANDLE (up32->void).a32, output($stdfile (Aggregate2080)+32).char (i8).a8, 0.i32, 10(0x0000000a).i32                                                                #10
   output($stdfile (Aggregate2080)+32).char (i8).a8 = ASSIGN 10(0x0a).i8    #10
                       CALL &_file_put_char.CDecl.Function(HANDLE (up32->void),i8,i32,i32)->(void), output"$runtime_handle"($stdfile (Aggregate2080)+0).HANDLE (up32->void).a32, output($stdfile (Aggregate2080)+32).char (i8).a8, 0.i32, 10(0x0000000a).i32                                                                #10
                       CALL &_file_set_modifier.CDecl.Function(HANDLE (up32->void),i32,i32)->(void), output"$runtime_handle"($stdfile (Aggregate2080)+0).HANDLE (up32->void).a32, 0.i32, 1.integer (i32)                                    #11
   output($stdfile (Aggregate2080)+32).char (i8).a8 = ASSIGN 97(0x61).char (i8) #11
                       CALL &_file_put_char.CDecl.Function(HANDLE (up32->void),i8,i32,i32)->(void), output"$runtime_handle"($stdfile (Aggregate2080)+0).HANDLE (up32->void).a32, output($stdfile (Aggregate2080)+32).char (i8).a8, 0.i32, 11(0x0000000b).i32                                                                #11
   output($stdfile (Aggregate2080)+32).char (i8).a8 = ASSIGN 13(0x0d).i8    #11
                       CALL &_file_put_char.CDecl.Function(HANDLE (up32->void),i8,i32,i32)->(void), output"$runtime_handle"($stdfile (Aggregate2080)+0).HANDLE (up32->void).a32, output($stdfile (Aggregate2080)+32).char (i8).a8, 0.i32, 11(0x0000000b).i32                                                                #11
   output($stdfile (Aggregate2080)+32).char (i8).a8 = ASSIGN 10(0x0a).i8    #11
                       CALL &_file_put_char.CDecl.Function(HANDLE (up32->void),i8,i32,i32)->(void), output"$runtime_handle"($stdfile (Aggregate2080)+0).HANDLE (up32->void).a32, output($stdfile (Aggregate2080)+32).char (i8).a8, 0.i32, 11(0x0000000b).i32                                                                #11
                       CALL &_file_set_modifier.CDecl.Function(HANDLE (up32->void),i32,i32)->(void), output"$runtime_handle"($stdfile (Aggregate2080)+0).HANDLE (up32->void).a32, 0.i32, 2.integer (i32)                                    #12
   output($stdfile (Aggregate2080)+32).char (i8).a8 = ASSIGN 97(0x61).char (i8) #12
                       CALL &_file_put_char.CDecl.Function(HANDLE (up32->void),i8,i32,i32)->(void), output"$runtime_handle"($stdfile (Aggregate2080)+0).HANDLE (up32->void).a32, output($stdfile (Aggregate2080)+32).char (i8).a8, 0.i32, 12(0x0000000c).i32                                                                #12
   output($stdfile (Aggregate2080)+32).char (i8).a8 = ASSIGN 13(0x0d).i8    #12
                       CALL &_file_put_char.CDecl.Function(HANDLE (up32->void),i8,i32,i32)->(void), output"$runtime_handle"($stdfile (Aggregate2080)+0).HANDLE (up32->void).a32, output($stdfile (Aggregate2080)+32).char (i8).a8, 0.i32, 12(0x0000000c).i32                                                                #12
   output($stdfile (Aggregate2080)+32).char (i8).a8 = ASSIGN 10(0x0a).i8    #12
                       CALL &_file_put_char.CDecl.Function(HANDLE (up32->void),i8,i32,i32)->(void), output"$runtime_handle"($stdfile (Aggregate2080)+0).HANDLE (up32->void).a32, output($stdfile (Aggregate2080)+32).char (i8).a8, 0.i32, 12(0x0000000c).i32                                                                #12
                       CALL &_file_set_modifier.CDecl.Function(HANDLE (up32->void),i32,i32)->(void), output"$runtime_handle"($stdfile (Aggregate2080)+0).HANDLE (up32->void).a32, 0.i32, 3.integer (i32)                                    #13
   output($stdfile (Aggregate2080)+32).char (i8).a8 = ASSIGN 97(0x61).char (i8) #13
                       CALL &_file_put_char.CDecl.Function(HANDLE (up32->void),i8,i32,i32)->(void), output"$runtime_handle"($stdfile (Aggregate2080)+0).HANDLE (up32->void).a32, output($stdfile (Aggregate2080)+32).char (i8).a8, 0.i32, 13(0x0000000d).i32                                                                #13
   output($stdfile (Aggregate2080)+32).char (i8).a8 = ASSIGN 13(0x0d).i8    #13
                       CALL &_file_put_char.CDecl.Function(HANDLE (up32->void),i8,i32,i32)->(void), output"$runtime_handle"($stdfile (Aggregate2080)+0).HANDLE (up32->void).a32, output($stdfile (Aggregate2080)+32).char (i8).a8, 0.i32, 13(0x0000000d).i32                                                                #13
   output($stdfile (Aggregate2080)+32).char (i8).a8 = ASSIGN 10(0x0a).i8    #13
                       CALL &_file_put_char.CDecl.Function(HANDLE (up32->void),i8,i32,i32)->(void), output"$runtime_handle"($stdfile (Aggregate2080)+0).HANDLE (up32->void).a32, output($stdfile (Aggregate2080)+32).char (i8).a8, 0.i32, 13(0x0000000d).i32                                                                #13
                       CALL &_file_set_modifier.CDecl.Function(HANDLE (up32->void),i32,i32)->(void), output"$runtime_handle"($stdfile (Aggregate2080)+0).HANDLE (up32->void).a32, 0.i32, 4.integer (i32)                                    #14
   output($stdfile (Aggregate2080)+32).char (i8).a8 = ASSIGN 97(0x61).char (i8) #14
                       CALL &_file_put_char.CDecl.Function(HANDLE (up32->void),i8,i32,i32)->(void), output"$runtime_handle"($stdfile (Aggregate2080)+0).HANDLE (up32->void).a32, output($stdfile (Aggregate2080)+32).char (i8).a8, 0.i32, 14(0x0000000e).i32                                                                #14
   output($stdfile (Aggregate2080)+32).char (i8).a8 = ASSIGN 13(0x0d).i8    #14
                       CALL &_file_put_char.CDecl.Function(HANDLE (up32->void),i8,i32,i32)->(void), output"$runtime_handle"($stdfile (Aggregate2080)+0).HANDLE (up32->void).a32, output($stdfile (Aggregate2080)+32).char (i8).a8, 0.i32, 14(0x0000000e).i32                                                                #14
   output($stdfile (Aggregate2080)+32).char (i8).a8 = ASSIGN 10(0x0a).i8    #14
                       CALL &_file_put_char.CDecl.Function(HANDLE (up32->void),i8,i32,i32)->(void), output"$runtime_handle"($stdfile (Aggregate2080)+0).HANDLE (up32->void).a32, output($stdfile (Aggregate2080)+32).char (i8).a8, 0.i32, 14(0x0000000e).i32                                                                #14
   output($stdfile (Aggregate2080)+32).char (i8).a8 = ASSIGN 13(0x0d).i8    #16
                       CALL &_file_put_char.CDecl.Function(HANDLE (up32->void),i8,i32,i32)->(void), output"$runtime_handle"($stdfile (Aggregate2080)+0).HANDLE (up32->void).a32, output($stdfile (Aggregate2080)+32).char (i8).a8, 0.i32, 16(0x00000010).i32                                                                #16
   output($stdfile (Aggregate2080)+32).char (i8).a8 = ASSIGN 10(0x0a).i8    #16
                       CALL &_file_put_char.CDecl.Function(HANDLE (up32->void),i8,i32,i32)->(void), output"$runtime_handle"($stdfile (Aggregate2080)+0).HANDLE (up32->void).a32, output($stdfile (Aggregate2080)+32).char (i8).a8, 0.i32, 16(0x00000010).i32                                                                #16
   i.integer (i32).a32 = ASSIGN 44(0x0000002c).integer (i32)                #19
                       CALL &_file_set_modifier.CDecl.Function(HANDLE (up32->void),i32,i32)->(void), output"$runtime_handle"($stdfile (Aggregate2080)+0).HANDLE (up32->void).a32, 0.i32, 0.integer (i32)                                    #20
   output($stdfile (Aggregate2080)+32).integer (i32).a32 = ASSIGN i.integer (i32).a32                                                                       #20
                       CALL &_file_put_int.CDecl.Function(HANDLE (up32->void),i32,i32,i32)->(void), output"$runtime_handle"($stdfile (Aggregate2080)+0).HANDLE (up32->void).a32, output($stdfile (Aggregate2080)+32).integer (i32).a32, 0.i32, 20(0x00000014).i32                                                           #20
   output($stdfile (Aggregate2080)+32).char (i8).a8 = ASSIGN 13(0x0d).i8    #20
                       CALL &_file_put_char.CDecl.Function(HANDLE (up32->void),i8,i32,i32)->(void), output"$runtime_handle"($stdfile (Aggregate2080)+0).HANDLE (up32->void).a32, output($stdfile (Aggregate2080)+32).char (i8).a8, 0.i32, 20(0x00000014).i32                                                                #20
   output($stdfile (Aggregate2080)+32).char (i8).a8 = ASSIGN 10(0x0a).i8    #20
                       CALL &_file_put_char.CDecl.Function(HANDLE (up32->void),i8,i32,i32)->(void), output"$runtime_handle"($stdfile (Aggregate2080)+0).HANDLE (up32->void).a32, output($stdfile (Aggregate2080)+32).char (i8).a8, 0.i32, 20(0x00000014).i32                                                                #20
                       CALL &_file_set_modifier.CDecl.Function(HANDLE (up32->void),i32,i32)->(void), output"$runtime_handle"($stdfile (Aggregate2080)+0).HANDLE (up32->void).a32, 0.i32, 1.integer (i32)                                    #21
   output($stdfile (Aggregate2080)+32).integer (i32).a32 = ASSIGN i.integer (i32).a32                                                                       #21
                       CALL &_file_put_int.CDecl.Function(HANDLE (up32->void),i32,i32,i32)->(void), output"$runtime_handle"($stdfile (Aggregate2080)+0).HANDLE (up32->void).a32, output($stdfile (Aggregate2080)+32).integer (i32).a32, 0.i32, 21(0x00000015).i32                                                           #21
   output($stdfile (Aggregate2080)+32).char (i8).a8 = ASSIGN 13(0x0d).i8    #21
                       CALL &_file_put_char.CDecl.Function(HANDLE (up32->void),i8,i32,i32)->(void), output"$runtime_handle"($stdfile (Aggregate2080)+0).HANDLE (up32->void).a32, output($stdfile (Aggregate2080)+32).char (i8).a8, 0.i32, 21(0x00000015).i32                                                                #21
   output($stdfile (Aggregate2080)+32).char (i8).a8 = ASSIGN 10(0x0a).i8    #21
                       CALL &_file_put_char.CDecl.Function(HANDLE (up32->void),i8,i32,i32)->(void), output"$runtime_handle"($stdfile (Aggregate2080)+0).HANDLE (up32->void).a32, output($stdfile (Aggregate2080)+32).char (i8).a8, 0.i32, 21(0x00000015).i32                                                                #21
                       CALL &_file_set_modifier.CDecl.Function(HANDLE (up32->void),i32,i32)->(void), output"$runtime_handle"($stdfile (Aggregate2080)+0).HANDLE (up32->void).a32, 0.i32, 2.integer (i32)                                    #22
   output($stdfile (Aggregate2080)+32).integer (i32).a32 = ASSIGN i.integer (i32).a32                                                                       #22
                       CALL &_file_put_int.CDecl.Function(HANDLE (up32->void),i32,i32,i32)->(void), output"$runtime_handle"($stdfile (Aggregate2080)+0).HANDLE (up32->void).a32, output($stdfile (Aggregate2080)+32).integer (i32).a32, 0.i32, 22(0x00000016).i32                                                           #22
   output($stdfile (Aggregate2080)+32).char (i8).a8 = ASSIGN 13(0x0d).i8    #22
                       CALL &_file_put_char.CDecl.Function(HANDLE (up32->void),i8,i32,i32)->(void), output"$runtime_handle"($stdfile (Aggregate2080)+0).HANDLE (up32->void).a32, output($stdfile (Aggregate2080)+32).char (i8).a8, 0.i32, 22(0x00000016).i32                                                                #22
   output($stdfile (Aggregate2080)+32).char (i8).a8 = ASSIGN 10(0x0a).i8    #22
                       CALL &_file_put_char.CDecl.Function(HANDLE (up32->void),i8,i32,i32)->(void), output"$runtime_handle"($stdfile (Aggregate2080)+0).HANDLE (up32->void).a32, output($stdfile (Aggregate2080)+32).char (i8).a8, 0.i32, 22(0x00000016).i32                                                                #22
                       CALL &_file_set_modifier.CDecl.Function(HANDLE (up32->void),i32,i32)->(void), output"$runtime_handle"($stdfile (Aggregate2080)+0).HANDLE (up32->void).a32, 0.i32, 3.integer (i32)                                    #23
   output($stdfile (Aggregate2080)+32).integer (i32).a32 = ASSIGN i.integer (i32).a32                                                                       #23
                       CALL &_file_put_int.CDecl.Function(HANDLE (up32->void),i32,i32,i32)->(void), output"$runtime_handle"($stdfile (Aggregate2080)+0).HANDLE (up32->void).a32, output($stdfile (Aggregate2080)+32).integer (i32).a32, 0.i32, 23(0x00000017).i32                                                           #23
   output($stdfile (Aggregate2080)+32).char (i8).a8 = ASSIGN 13(0x0d).i8    #23
                       CALL &_file_put_char.CDecl.Function(HANDLE (up32->void),i8,i32,i32)->(void), output"$runtime_handle"($stdfile (Aggregate2080)+0).HANDLE (up32->void).a32, output($stdfile (Aggregate2080)+32).char (i8).a8, 0.i32, 23(0x00000017).i32                                                                #23
   output($stdfile (Aggregate2080)+32).char (i8).a8 = ASSIGN 10(0x0a).i8    #23
                       CALL &_file_put_char.CDecl.Function(HANDLE (up32->void),i8,i32,i32)->(void), output"$runtime_handle"($stdfile (Aggregate2080)+0).HANDLE (up32->void).a32, output($stdfile (Aggregate2080)+32).char (i8).a8, 0.i32, 23(0x00000017).i32                                                                #23
                       CALL &_file_set_modifier.CDecl.Function(HANDLE (up32->void),i32,i32)->(void), output"$runtime_handle"($stdfile (Aggregate2080)+0).HANDLE (up32->void).a32, 0.i32, 4.integer (i32)                                    #24
   output($stdfile (Aggregate2080)+32).integer (i32).a32 = ASSIGN i.integer (i32).a32                                                                       #24
                       CALL &_file_put_int.CDecl.Function(HANDLE (up32->void),i32,i32,i32)->(void), output"$runtime_handle"($stdfile (Aggregate2080)+0).HANDLE (up32->void).a32, output($stdfile (Aggregate2080)+32).integer (i32).a32, 0.i32, 24(0x00000018).i32                                                           #24
   output($stdfile (Aggregate2080)+32).char (i8).a8 = ASSIGN 13(0x0d).i8    #24
                       CALL &_file_put_char.CDecl.Function(HANDLE (up32->void),i8,i32,i32)->(void), output"$runtime_handle"($stdfile (Aggregate2080)+0).HANDLE (up32->void).a32, output($stdfile (Aggregate2080)+32).char (i8).a8, 0.i32, 24(0x00000018).i32                                                                #24
   output($stdfile (Aggregate2080)+32).char (i8).a8 = ASSIGN 10(0x0a).i8    #24
                       CALL &_file_put_char.CDecl.Function(HANDLE (up32->void),i8,i32,i32)->(void), output"$runtime_handle"($stdfile (Aggregate2080)+0).HANDLE (up32->void).a32, output($stdfile (Aggregate2080)+32).char (i8).a8, 0.i32, 24(0x00000018).i32                                                                #24
   output($stdfile (Aggregate2080)+32).char (i8).a8 = ASSIGN 13(0x0d).i8    #26
                       CALL &_file_put_char.CDecl.Function(HANDLE (up32->void),i8,i32,i32)->(void), output"$runtime_handle"($stdfile (Aggregate2080)+0).HANDLE (up32->void).a32, output($stdfile (Aggregate2080)+32).char (i8).a8, 0.i32, 26(0x0000001a).i32                                                                #26
   output($stdfile (Aggregate2080)+32).char (i8).a8 = ASSIGN 10(0x0a).i8    #26
                       CALL &_file_put_char.CDecl.Function(HANDLE (up32->void),i8,i32,i32)->(void), output"$runtime_handle"($stdfile (Aggregate2080)+0).HANDLE (up32->void).a32, output($stdfile (Aggregate2080)+32).char (i8).a8, 0.i32, 26(0x0000001a).i32                                                                #26
                       CALL &_file_set_modifier.CDecl.Function(HANDLE (up32->void),i32,i32)->(void), output"$runtime_handle"($stdfile (Aggregate2080)+0).HANDLE (up32->void).a32, 0.i32, 0.integer (i32)                                    #29
   output($stdfile (Aggregate2080)+32).Boolean (Enum32).a32 = ASSIGN true.Boolean (Enum32).a32                                                              #29
                       CALL &_file_put_bool.CDecl.Function(HANDLE (up32->void),i32,i32,i32)->(void), output"$runtime_handle"($stdfile (Aggregate2080)+0).HANDLE (up32->void).a32, output($stdfile (Aggregate2080)+32).integer (i32).a32, 0.i32, 29(0x0000001d).i32                                                          #29
   output($stdfile (Aggregate2080)+32).char (i8).a8 = ASSIGN 13(0x0d).i8    #29
                       CALL &_file_put_char.CDecl.Function(HANDLE (up32->void),i8,i32,i32)->(void), output"$runtime_handle"($stdfile (Aggregate2080)+0).HANDLE (up32->void).a32, output($stdfile (Aggregate2080)+32).char (i8).a8, 0.i32, 29(0x0000001d).i32                                                                #29
   output($stdfile (Aggregate2080)+32).char (i8).a8 = ASSIGN 10(0x0a).i8    #29
                       CALL &_file_put_char.CDecl.Function(HANDLE (up32->void),i8,i32,i32)->(void), output"$runtime_handle"($stdfile (Aggregate2080)+0).HANDLE (up32->void).a32, output($stdfile (Aggregate2080)+32).char (i8).a8, 0.i32, 29(0x0000001d).i32                                                                #29
                       CALL &_file_set_modifier.CDecl.Function(HANDLE (up32->void),i32,i32)->(void), output"$runtime_handle"($stdfile (Aggregate2080)+0).HANDLE (up32->void).a32, 0.i32, 4.integer (i32)                                    #30
   output($stdfile (Aggregate2080)+32).Boolean (Enum32).a32 = ASSIGN true.Boolean (Enum32).a32                                                              #30
                       CALL &_file_put_bool.CDecl.Function(HANDLE (up32->void),i32,i32,i32)->(void), output"$runtime_handle"($stdfile (Aggregate2080)+0).HANDLE (up32->void).a32, output($stdfile (Aggregate2080)+32).integer (i32).a32, 0.i32, 30(0x0000001e).i32                                                          #30
   output($stdfile (Aggregate2080)+32).char (i8).a8 = ASSIGN 13(0x0d).i8    #30
                       CALL &_file_put_char.CDecl.Function(HANDLE (up32->void),i8,i32,i32)->(void), output"$runtime_handle"($stdfile (Aggregate2080)+0).HANDLE (up32->void).a32, output($stdfile (Aggregate2080)+32).char (i8).a8, 0.i32, 30(0x0000001e).i32                                                                #30
   output($stdfile (Aggregate2080)+32).char (i8).a8 = ASSIGN 10(0x0a).i8    #30
                       CALL &_file_put_char.CDecl.Function(HANDLE (up32->void),i8,i32,i32)->(void), output"$runtime_handle"($stdfile (Aggregate2080)+0).HANDLE (up32->void).a32, output($stdfile (Aggregate2080)+32).char (i8).a8, 0.i32, 30(0x0000001e).i32                                                                #30
                       CALL &_file_set_modifier.CDecl.Function(HANDLE (up32->void),i32,i32)->(void), output"$runtime_handle"($stdfile (Aggregate2080)+0).HANDLE (up32->void).a32, 0.i32, 8.integer (i32)                                    #31
   output($stdfile (Aggregate2080)+32).Boolean (Enum32).a32 = ASSIGN true.Boolean (Enum32).a32                                                              #31
                       CALL &_file_put_bool.CDecl.Function(HANDLE (up32->void),i32,i32,i32)->(void), output"$runtime_handle"($stdfile (Aggregate2080)+0).HANDLE (up32->void).a32, output($stdfile (Aggregate2080)+32).integer (i32).a32, 0.i32, 31(0x0000001f).i32                                                          #31
   output($stdfile (Aggregate2080)+32).char (i8).a8 = ASSIGN 13(0x0d).i8    #31
                       CALL &_file_put_char.CDecl.Function(HANDLE (up32->void),i8,i32,i32)->(void), output"$runtime_handle"($stdfile (Aggregate2080)+0).HANDLE (up32->void).a32, output($stdfile (Aggregate2080)+32).char (i8).a8, 0.i32, 31(0x0000001f).i32                                                                #31
   output($stdfile (Aggregate2080)+32).char (i8).a8 = ASSIGN 10(0x0a).i8    #31
                       CALL &_file_put_char.CDecl.Function(HANDLE (up32->void),i8,i32,i32)->(void), output"$runtime_handle"($stdfile (Aggregate2080)+0).HANDLE (up32->void).a32, output($stdfile (Aggregate2080)+32).char (i8).a8, 0.i32, 31(0x0000001f).i32                                                                #31
                       CALL &_file_set_modifier.CDecl.Function(HANDLE (up32->void),i32,i32)->(void), output"$runtime_handle"($stdfile (Aggregate2080)+0).HANDLE (up32->void).a32, 0.i32, 0.integer (i32)                                    #33
   output($stdfile (Aggregate2080)+32).Boolean (Enum32).a32 = ASSIGN false.Boolean (Enum32).a32                                                             #33
                       CALL &_file_put_bool.CDecl.Function(HANDLE (up32->void),i32,i32,i32)->(void), output"$runtime_handle"($stdfile (Aggregate2080)+0).HANDLE (up32->void).a32, output($stdfile (Aggregate2080)+32).integer (i32).a32, 0.i32, 33(0x00000021).i32                                                          #33
   output($stdfile (Aggregate2080)+32).char (i8).a8 = ASSIGN 13(0x0d).i8    #33
                       CALL &_file_put_char.CDecl.Function(HANDLE (up32->void),i8,i32,i32)->(void), output"$runtime_handle"($stdfile (Aggregate2080)+0).HANDLE (up32->void).a32, output($stdfile (Aggregate2080)+32).char (i8).a8, 0.i32, 33(0x00000021).i32                                                                #33
   output($stdfile (Aggregate2080)+32).char (i8).a8 = ASSIGN 10(0x0a).i8    #33
                       CALL &_file_put_char.CDecl.Function(HANDLE (up32->void),i8,i32,i32)->(void), output"$runtime_handle"($stdfile (Aggregate2080)+0).HANDLE (up32->void).a32, output($stdfile (Aggregate2080)+32).char (i8).a8, 0.i32, 33(0x00000021).i32                                                                #33
                       CALL &_file_set_modifier.CDecl.Function(HANDLE (up32->void),i32,i32)->(void), output"$runtime_handle"($stdfile (Aggregate2080)+0).HANDLE (up32->void).a32, 0.i32, 4.integer (i32)                                    #34
   output($stdfile (Aggregate2080)+32).Boolean (Enum32).a32 = ASSIGN false.Boolean (Enum32).a32                                                             #34
                       CALL &_file_put_bool.CDecl.Function(HANDLE (up32->void),i32,i32,i32)->(void), output"$runtime_handle"($stdfile (Aggregate2080)+0).HANDLE (up32->void).a32, output($stdfile (Aggregate2080)+32).integer (i32).a32, 0.i32, 34(0x00000022).i32                                                          #34
   output($stdfile (Aggregate2080)+32).char (i8).a8 = ASSIGN 13(0x0d).i8    #34
                       CALL &_file_put_char.CDecl.Function(HANDLE (up32->void),i8,i32,i32)->(void), output"$runtime_handle"($stdfile (Aggregate2080)+0).HANDLE (up32->void).a32, output($stdfile (Aggregate2080)+32).char (i8).a8, 0.i32, 34(0x00000022).i32                                                                #34
   output($stdfile (Aggregate2080)+32).char (i8).a8 = ASSIGN 10(0x0a).i8    #34
                       CALL &_file_put_char.CDecl.Function(HANDLE (up32->void),i8,i32,i32)->(void), output"$runtime_handle"($stdfile (Aggregate2080)+0).HANDLE (up32->void).a32, output($stdfile (Aggregate2080)+32).char (i8).a8, 0.i32, 34(0x00000022).i32                                                                #34
                       CALL &_file_set_modifier.CDecl.Function(HANDLE (up32->void),i32,i32)->(void), output"$runtime_handle"($stdfile (Aggregate2080)+0).HANDLE (up32->void).a32, 0.i32, 8.integer (i32)                                    #35
   output($stdfile (Aggregate2080)+32).Boolean (Enum32).a32 = ASSIGN false.Boolean (Enum32).a32                                                             #35
                       CALL &_file_put_bool.CDecl.Function(HANDLE (up32->void),i32,i32,i32)->(void), output"$runtime_handle"($stdfile (Aggregate2080)+0).HANDLE (up32->void).a32, output($stdfile (Aggregate2080)+32).integer (i32).a32, 0.i32, 35(0x00000023).i32                                                          #35
   output($stdfile (Aggregate2080)+32).char (i8).a8 = ASSIGN 13(0x0d).i8    #35
                       CALL &_file_put_char.CDecl.Function(HANDLE (up32->void),i8,i32,i32)->(void), output"$runtime_handle"($stdfile (Aggregate2080)+0).HANDLE (up32->void).a32, output($stdfile (Aggregate2080)+32).char (i8).a8, 0.i32, 35(0x00000023).i32                                                                #35
   output($stdfile (Aggregate2080)+32).char (i8).a8 = ASSIGN 10(0x0a).i8    #35
                       CALL &_file_put_char.CDecl.Function(HANDLE (up32->void),i8,i32,i32)->(void), output"$runtime_handle"($stdfile (Aggregate2080)+0).HANDLE (up32->void).a32, output($stdfile (Aggregate2080)+32).char (i8).a8, 0.i32, 35(0x00000023).i32                                                                #35
   output($stdfile (Aggregate2080)+32).char (i8).a8 = ASSIGN 13(0x0d).i8    #37
                       CALL &_file_put_char.CDecl.Function(HANDLE (up32->void),i8,i32,i32)->(void), output"$runtime_handle"($stdfile (Aggregate2080)+0).HANDLE (up32->void).a32, output($stdfile (Aggregate2080)+32).char (i8).a8, 0.i32, 37(0x00000025).i32                                                                #37
   output($stdfile (Aggregate2080)+32).char (i8).a8 = ASSIGN 10(0x0a).i8    #37
                       CALL &_file_put_char.CDecl.Function(HANDLE (up32->void),i8,i32,i32)->(void), output"$runtime_handle"($stdfile (Aggregate2080)+0).HANDLE (up32->void).a32, output($stdfile (Aggregate2080)+32).char (i8).a8, 0.i32, 37(0x00000025).i32                                                                #37
                       CALL &_file_set_modifier.CDecl.Function(HANDLE (up32->void),i32,i32)->(void), output"$runtime_handle"($stdfile (Aggregate2080)+0).HANDLE (up32->void).a32, 0.i32, 0.integer (i32)                                    #40
   output($stdfile (Aggregate2080)+32).up32->char (i8).a32 = ASSIGN &$SG105.up32->char (i8)                                                                 #40
                       CALL &_file_put_string.CDecl.Function(HANDLE (up32->void),up32->i8,i32,i32,i32)->(void), output"$runtime_handle"($stdfile (Aggregate2080)+0).HANDLE (up32->void).a32, output($stdfile (Aggregate2080)+32).up32->char (i8).a32, -1(0xffffffff).i32, 0.i32, 40(0x00000028).i32                         #40
   output($stdfile (Aggregate2080)+32).char (i8).a8 = ASSIGN 13(0x0d).i8    #40
                       CALL &_file_put_char.CDecl.Function(HANDLE (up32->void),i8,i32,i32)->(void), output"$runtime_handle"($stdfile (Aggregate2080)+0).HANDLE (up32->void).a32, output($stdfile (Aggregate2080)+32).char (i8).a8, 0.i32, 40(0x00000028).i32                                                                #40
   output($stdfile (Aggregate2080)+32).char (i8).a8 = ASSIGN 10(0x0a).i8    #40
                       CALL &_file_put_char.CDecl.Function(HANDLE (up32->void),i8,i32,i32)->(void), output"$runtime_handle"($stdfile (Aggregate2080)+0).HANDLE (up32->void).a32, output($stdfile (Aggregate2080)+32).char (i8).a8, 0.i32, 40(0x00000028).i32                                                                #40
                       CALL &_file_set_modifier.CDecl.Function(HANDLE (up32->void),i32,i32)->(void), output"$runtime_handle"($stdfile (Aggregate2080)+0).HANDLE (up32->void).a32, 0.i32, 4.integer (i32)                                    #41
   output($stdfile (Aggregate2080)+32).up32->char (i8).a32 = ASSIGN &$SG105.up32->char (i8)                                                                 #41
                       CALL &_file_put_string.CDecl.Function(HANDLE (up32->void),up32->i8,i32,i32,i32)->(void), output"$runtime_handle"($stdfile (Aggregate2080)+0).HANDLE (up32->void).a32, output($stdfile (Aggregate2080)+32).up32->char (i8).a32, -1(0xffffffff).i32, 0.i32, 41(0x00000029).i32                         #41
   output($stdfile (Aggregate2080)+32).char (i8).a8 = ASSIGN 13(0x0d).i8    #41
                       CALL &_file_put_char.CDecl.Function(HANDLE (up32->void),i8,i32,i32)->(void), output"$runtime_handle"($stdfile (Aggregate2080)+0).HANDLE (up32->void).a32, output($stdfile (Aggregate2080)+32).char (i8).a8, 0.i32, 41(0x00000029).i32                                                                #41
   output($stdfile (Aggregate2080)+32).char (i8).a8 = ASSIGN 10(0x0a).i8    #41
                       CALL &_file_put_char.CDecl.Function(HANDLE (up32->void),i8,i32,i32)->(void), output"$runtime_handle"($stdfile (Aggregate2080)+0).HANDLE (up32->void).a32, output($stdfile (Aggregate2080)+32).char (i8).a8, 0.i32, 41(0x00000029).i32                                                                #41
                       CALL &_file_set_modifier.CDecl.Function(HANDLE (up32->void),i32,i32)->(void), output"$runtime_handle"($stdfile (Aggregate2080)+0).HANDLE (up32->void).a32, 0.i32, 8.integer (i32)                                    #42
   output($stdfile (Aggregate2080)+32).up32->char (i8).a32 = ASSIGN &$SG105.up32->char (i8)                                                                 #42
                       CALL &_file_put_string.CDecl.Function(HANDLE (up32->void),up32->i8,i32,i32,i32)->(void), output"$runtime_handle"($stdfile (Aggregate2080)+0).HANDLE (up32->void).a32, output($stdfile (Aggregate2080)+32).up32->char (i8).a32, -1(0xffffffff).i32, 0.i32, 42(0x0000002a).i32                         #42
   output($stdfile (Aggregate2080)+32).char (i8).a8 = ASSIGN 13(0x0d).i8    #42
                       CALL &_file_put_char.CDecl.Function(HANDLE (up32->void),i8,i32,i32)->(void), output"$runtime_handle"($stdfile (Aggregate2080)+0).HANDLE (up32->void).a32, output($stdfile (Aggregate2080)+32).char (i8).a8, 0.i32, 42(0x0000002a).i32                                                                #42
   output($stdfile (Aggregate2080)+32).char (i8).a8 = ASSIGN 10(0x0a).i8    #42
                       CALL &_file_put_char.CDecl.Function(HANDLE (up32->void),i8,i32,i32)->(void), output"$runtime_handle"($stdfile (Aggregate2080)+0).HANDLE (up32->void).a32, output($stdfile (Aggregate2080)+32).char (i8).a8, 0.i32, 42(0x0000002a).i32                                                                #42
   output($stdfile (Aggregate2080)+32).char (i8).a8 = ASSIGN 13(0x0d).i8    #44
                       CALL &_file_put_char.CDecl.Function(HANDLE (up32->void),i8,i32,i32)->(void), output"$runtime_handle"($stdfile (Aggregate2080)+0).HANDLE (up32->void).a32, output($stdfile (Aggregate2080)+32).char (i8).a8, 0.i32, 44(0x0000002c).i32                                                                #44
   output($stdfile (Aggregate2080)+32).char (i8).a8 = ASSIGN 10(0x0a).i8    #44
                       CALL &_file_put_char.CDecl.Function(HANDLE (up32->void),i8,i32,i32)->(void), output"$runtime_handle"($stdfile (Aggregate2080)+0).HANDLE (up32->void).a32, output($stdfile (Aggregate2080)+32).char (i8).a8, 0.i32, 44(0x0000002c).i32                                                                #44
                       CALL &_file_set_modifier.CDecl.Function(HANDLE (up32->void),i32,i32)->(void), output"$runtime_handle"($stdfile (Aggregate2080)+0).HANDLE (up32->void).a32, 0.i32, 0.integer (i32)                                    #47
   output($stdfile (Aggregate2080)+32).real (f64).a64 = ASSIGN pi.real (f64).a64                                                                            #47
                       CALL &_file_put_double.CDecl.Function(HANDLE (up32->void),f64,i32,i32)->(void), output"$runtime_handle"($stdfile (Aggregate2080)+0).HANDLE (up32->void).a32, output($stdfile (Aggregate2080)+32).real (f64).a64, 0.i32, 47(0x0000002f).i32                                                           #47
   output($stdfile (Aggregate2080)+32).char (i8).a8 = ASSIGN 13(0x0d).i8    #47
                       CALL &_file_put_char.CDecl.Function(HANDLE (up32->void),i8,i32,i32)->(void), output"$runtime_handle"($stdfile (Aggregate2080)+0).HANDLE (up32->void).a32, output($stdfile (Aggregate2080)+32).char (i8).a8, 0.i32, 47(0x0000002f).i32                                                                #47
   output($stdfile (Aggregate2080)+32).char (i8).a8 = ASSIGN 10(0x0a).i8    #47
                       CALL &_file_put_char.CDecl.Function(HANDLE (up32->void),i8,i32,i32)->(void), output"$runtime_handle"($stdfile (Aggregate2080)+0).HANDLE (up32->void).a32, output($stdfile (Aggregate2080)+32).char (i8).a8, 0.i32, 47(0x0000002f).i32                                                                #47
                       CALL &_file_set_modifier.CDecl.Function(HANDLE (up32->void),i32,i32)->(void), output"$runtime_handle"($stdfile (Aggregate2080)+0).HANDLE (up32->void).a32, 0.i32, 0.integer (i32)                                    #48
                       CALL &_file_set_modifier.CDecl.Function(HANDLE (up32->void),i32,i32)->(void), output"$runtime_handle"($stdfile (Aggregate2080)+0).HANDLE (up32->void).a32, 1.i32, 2.integer (i32)                                    #48
   output($stdfile (Aggregate2080)+32).real (f64).a64 = ASSIGN pi.real (f64).a64                                                                            #48
                       CALL &_file_put_double.CDecl.Function(HANDLE (up32->void),f64,i32,i32)->(void), output"$runtime_handle"($stdfile (Aggregate2080)+0).HANDLE (up32->void).a32, output($stdfile (Aggregate2080)+32).real (f64).a64, 0.i32, 48(0x00000030).i32                                                           #48
   output($stdfile (Aggregate2080)+32).char (i8).a8 = ASSIGN 13(0x0d).i8    #48
                       CALL &_file_put_char.CDecl.Function(HANDLE (up32->void),i8,i32,i32)->(void), output"$runtime_handle"($stdfile (Aggregate2080)+0).HANDLE (up32->void).a32, output($stdfile (Aggregate2080)+32).char (i8).a8, 0.i32, 48(0x00000030).i32                                                                #48
   output($stdfile (Aggregate2080)+32).char (i8).a8 = ASSIGN 10(0x0a).i8    #48
                       CALL &_file_put_char.CDecl.Function(HANDLE (up32->void),i8,i32,i32)->(void), output"$runtime_handle"($stdfile (Aggregate2080)+0).HANDLE (up32->void).a32, output($stdfile (Aggregate2080)+32).char (i8).a8, 0.i32, 48(0x00000030).i32                                                                #48
                       CALL &_file_set_modifier.CDecl.Function(HANDLE (up32->void),i32,i32)->(void), output"$runtime_handle"($stdfile (Aggregate2080)+0).HANDLE (up32->void).a32, 0.i32, 2.integer (i32)                                    #49
   output($stdfile (Aggregate2080)+32).real (f64).a64 = ASSIGN pi.real (f64).a64                                                                            #49
                       CALL &_file_put_double.CDecl.Function(HANDLE (up32->void),f64,i32,i32)->(void), output"$runtime_handle"($stdfile (Aggregate2080)+0).HANDLE (up32->void).a32, output($stdfile (Aggregate2080)+32).real (f64).a64, 0.i32, 49(0x00000031).i32                                                           #49
   output($stdfile (Aggregate2080)+32).char (i8).a8 = ASSIGN 13(0x0d).i8    #49
                       CALL &_file_put_char.CDecl.Function(HANDLE (up32->void),i8,i32,i32)->(void), output"$runtime_handle"($stdfile (Aggregate2080)+0).HANDLE (up32->void).a32, output($stdfile (Aggregate2080)+32).char (i8).a8, 0.i32, 49(0x00000031).i32                                                                #49
   output($stdfile (Aggregate2080)+32).char (i8).a8 = ASSIGN 10(0x0a).i8    #49
                       CALL &_file_put_char.CDecl.Function(HANDLE (up32->void),i8,i32,i32)->(void), output"$runtime_handle"($stdfile (Aggregate2080)+0).HANDLE (up32->void).a32, output($stdfile (Aggregate2080)+32).char (i8).a8, 0.i32, 49(0x00000031).i32                                                                #49
                       CALL &_file_set_modifier.CDecl.Function(HANDLE (up32->void),i32,i32)->(void), output"$runtime_handle"($stdfile (Aggregate2080)+0).HANDLE (up32->void).a32, 0.i32, 2.integer (i32)                                    #50
                       CALL &_file_set_modifier.CDecl.Function(HANDLE (up32->void),i32,i32)->(void), output"$runtime_handle"($stdfile (Aggregate2080)+0).HANDLE (up32->void).a32, 1.i32, 2.integer (i32)                                    #50
   output($stdfile (Aggregate2080)+32).real (f64).a64 = ASSIGN pi.real (f64).a64                                                                            #50
                       CALL &_file_put_double.CDecl.Function(HANDLE (up32->void),f64,i32,i32)->(void), output"$runtime_handle"($stdfile (Aggregate2080)+0).HANDLE (up32->void).a32, output($stdfile (Aggregate2080)+32).real (f64).a64, 0.i32, 50(0x00000032).i32                                                           #50
   output($stdfile (Aggregate2080)+32).char (i8).a8 = ASSIGN 13(0x0d).i8    #50
                       CALL &_file_put_char.CDecl.Function(HANDLE (up32->void),i8,i32,i32)->(void), output"$runtime_handle"($stdfile (Aggregate2080)+0).HANDLE (up32->void).a32, output($stdfile (Aggregate2080)+32).char (i8).a8, 0.i32, 50(0x00000032).i32                                                                #50
   output($stdfile (Aggregate2080)+32).char (i8).a8 = ASSIGN 10(0x0a).i8    #50
                       CALL &_file_put_char.CDecl.Function(HANDLE (up32->void),i8,i32,i32)->(void), output"$runtime_handle"($stdfile (Aggregate2080)+0).HANDLE (up32->void).a32, output($stdfile (Aggregate2080)+32).char (i8).a8, 0.i32, 50(0x00000032).i32                                                                #50
                       CALL &_file_set_modifier.CDecl.Function(HANDLE (up32->void),i32,i32)->(void), output"$runtime_handle"($stdfile (Aggregate2080)+0).HANDLE (up32->void).a32, 0.i32, 4.integer (i32)                                    #51
   output($stdfile (Aggregate2080)+32).real (f64).a64 = ASSIGN pi.real (f64).a64                                                                            #51
                       CALL &_file_put_double.CDecl.Function(HANDLE (up32->void),f64,i32,i32)->(void), output"$runtime_handle"($stdfile (Aggregate2080)+0).HANDLE (up32->void).a32, output($stdfile (Aggregate2080)+32).real (f64).a64, 0.i32, 51(0x00000033).i32                                                           #51
   output($stdfile (Aggregate2080)+32).char (i8).a8 = ASSIGN 13(0x0d).i8    #51
                       CALL &_file_put_char.CDecl.Function(HANDLE (up32->void),i8,i32,i32)->(void), output"$runtime_handle"($stdfile (Aggregate2080)+0).HANDLE (up32->void).a32, output($stdfile (Aggregate2080)+32).char (i8).a8, 0.i32, 51(0x00000033).i32                                                                #51
   output($stdfile (Aggregate2080)+32).char (i8).a8 = ASSIGN 10(0x0a).i8    #51
                       CALL &_file_put_char.CDecl.Function(HANDLE (up32->void),i8,i32,i32)->(void), output"$runtime_handle"($stdfile (Aggregate2080)+0).HANDLE (up32->void).a32, output($stdfile (Aggregate2080)+32).char (i8).a8, 0.i32, 51(0x00000033).i32                                                                #51
                       CALL &_file_set_modifier.CDecl.Function(HANDLE (up32->void),i32,i32)->(void), output"$runtime_handle"($stdfile (Aggregate2080)+0).HANDLE (up32->void).a32, 0.i32, 4.integer (i32)                                    #52
                       CALL &_file_set_modifier.CDecl.Function(HANDLE (up32->void),i32,i32)->(void), output"$runtime_handle"($stdfile (Aggregate2080)+0).HANDLE (up32->void).a32, 1.i32, 4.integer (i32)                                    #52
   output($stdfile (Aggregate2080)+32).real (f64).a64 = ASSIGN pi.real (f64).a64                                                                            #52
                       CALL &_file_put_double.CDecl.Function(HANDLE (up32->void),f64,i32,i32)->(void), output"$runtime_handle"($stdfile (Aggregate2080)+0).HANDLE (up32->void).a32, output($stdfile (Aggregate2080)+32).real (f64).a64, 0.i32, 52(0x00000034).i32                                                           #52
   output($stdfile (Aggregate2080)+32).char (i8).a8 = ASSIGN 13(0x0d).i8    #52
                       CALL &_file_put_char.CDecl.Function(HANDLE (up32->void),i8,i32,i32)->(void), output"$runtime_handle"($stdfile (Aggregate2080)+0).HANDLE (up32->void).a32, output($stdfile (Aggregate2080)+32).char (i8).a8, 0.i32, 52(0x00000034).i32                                                                #52
   output($stdfile (Aggregate2080)+32).char (i8).a8 = ASSIGN 10(0x0a).i8    #52
                       CALL &_file_put_char.CDecl.Function(HANDLE (up32->void),i8,i32,i32)->(void), output"$runtime_handle"($stdfile (Aggregate2080)+0).HANDLE (up32->void).a32, output($stdfile (Aggregate2080)+32).char (i8).a8, 0.i32, 52(0x00000034).i32                                                                #52
                       CALL &_file_set_modifier.CDecl.Function(HANDLE (up32->void),i32,i32)->(void), output"$runtime_handle"($stdfile (Aggregate2080)+0).HANDLE (up32->void).a32, 0.i32, 8.integer (i32)                                    #53
   output($stdfile (Aggregate2080)+32).real (f64).a64 = ASSIGN pi.real (f64).a64                                                                            #53
                       CALL &_file_put_double.CDecl.Function(HANDLE (up32->void),f64,i32,i32)->(void), output"$runtime_handle"($stdfile (Aggregate2080)+0).HANDLE (up32->void).a32, output($stdfile (Aggregate2080)+32).real (f64).a64, 0.i32, 53(0x00000035).i32                                                           #53
   output($stdfile (Aggregate2080)+32).char (i8).a8 = ASSIGN 13(0x0d).i8    #53
                       CALL &_file_put_char.CDecl.Function(HANDLE (up32->void),i8,i32,i32)->(void), output"$runtime_handle"($stdfile (Aggregate2080)+0).HANDLE (up32->void).a32, output($stdfile (Aggregate2080)+32).char (i8).a8, 0.i32, 53(0x00000035).i32                                                                #53
   output($stdfile (Aggregate2080)+32).char (i8).a8 = ASSIGN 10(0x0a).i8    #53
                       CALL &_file_put_char.CDecl.Function(HANDLE (up32->void),i8,i32,i32)->(void), output"$runtime_handle"($stdfile (Aggregate2080)+0).HANDLE (up32->void).a32, output($stdfile (Aggregate2080)+32).char (i8).a8, 0.i32, 53(0x00000035).i32                                                                #53
                       CALL &_file_set_modifier.CDecl.Function(HANDLE (up32->void),i32,i32)->(void), output"$runtime_handle"($stdfile (Aggregate2080)+0).HANDLE (up32->void).a32, 0.i32, 8.integer (i32)                                    #54
                       CALL &_file_set_modifier.CDecl.Function(HANDLE (up32->void),i32,i32)->(void), output"$runtime_handle"($stdfile (Aggregate2080)+0).HANDLE (up32->void).a32, 1.i32, 8.integer (i32)                                    #54
   output($stdfile (Aggregate2080)+32).real (f64).a64 = ASSIGN pi.real (f64).a64                                                                            #54
                       CALL &_file_put_double.CDecl.Function(HANDLE (up32->void),f64,i32,i32)->(void), output"$runtime_handle"($stdfile (Aggregate2080)+0).HANDLE (up32->void).a32, output($stdfile (Aggregate2080)+32).real (f64).a64, 0.i32, 54(0x00000036).i32                                                           #54
   output($stdfile (Aggregate2080)+32).char (i8).a8 = ASSIGN 13(0x0d).i8    #54
                       CALL &_file_put_char.CDecl.Function(HANDLE (up32->void),i8,i32,i32)->(void), output"$runtime_handle"($stdfile (Aggregate2080)+0).HANDLE (up32->void).a32, output($stdfile (Aggregate2080)+32).char (i8).a8, 0.i32, 54(0x00000036).i32                                                                #54
   output($stdfile (Aggregate2080)+32).char (i8).a8 = ASSIGN 10(0x0a).i8    #54
                       CALL &_file_put_char.CDecl.Function(HANDLE (up32->void),i8,i32,i32)->(void), output"$runtime_handle"($stdfile (Aggregate2080)+0).HANDLE (up32->void).a32, output($stdfile (Aggregate2080)+32).char (i8).a8, 0.i32, 54(0x00000036).i32                                                                #54
                       CALL &_display_leave.CDecl.Function(i32,i32)->(void), 0.i32, 2.i32                                                                   #54
                       RETURN $L4(T)                                        #56
$L4: (references=1)                                                         #56
                       EXITFUNCTION                                         #56
$L2: (references=0)                                                         #56
                       END                                                  #56
Writing WidthParameters1.obj...

WidthParameters1.p - 0 error(s), 0 warning(s).

Linking...

WidthParameters1.exe - 0 error(s), 0 warning(s).

a
a
 a
  a
   a

44
44
44
 44
  44

true
true
    true
false
false
   false

hello
hello
        

3.141593
3.14
 3.141593
 3.14
   3.141593
   3.1416
       3.141593
       3.14159265
